[tech.computers-science.org/index.html]
[backblue.gif]
[fade.gif]
[index.html]
[tech.computers-science.org/resources/js/main.js]
[tech.computers-science.org/assets/js/panic.js]
[tech.computers-science.org/assets/js/particles.js]
[tech.computers-science.org/assets/css/particles.css]
[tech.computers-science.org/resources/images/favicon/favicon.png]
[tech.computers-science.org/resources/css/home.css]
[tech.computers-science.org/assets/css/nav.css]
[tech.computers-science.org/photography.html]
[tech.computers-science.org/nature.html]
[tech.computers-science.org/ocean.html]
[tech.computers-science.org/forest.html]
[tech.computers-science.org/settings.html]
[tech.computers-science.org/cookieconsentpolicy.html]
[tech.computers-science.org/resources/js/cookie_consent.js]
[tech.computers-science.org/assets/js/themecontrol.js]
[tech.computers-science.org/index.html]
[tech.computers-science.org/assets/css/particles.css]
[tech.computers-science.org/resources/css/home.css]
[tech.computers-science.org/assets/css/nav.css]
[tech.computers-science.org/assets/images/branding/favicon/favicon.png]
[tech.computers-science.org/assets/css/settings/main.css]
[tech.computers-science.org/resources/css/main.css]
[tech.computers-science.org/uv/uv.bundle.js]
[tech.computers-science.org/uv/uv.config.js]
[tech.computers-science.org/photography.html]
[tech.computers-science.org/resources/js/index.js]
[tech.computers-science.org/resources/js/go.js]
[tech.computers-science.org/resources/js/visit.js]
[tech.computers-science.org/assets/js/search.js]
[tech.computers-science.org/assets/css/apps.css]
[tech.computers-science.org/assets/images/icons/request.webp]
[tech.computers-science.org/assets/images/icons/1.webp]
[tech.computers-science.org/assets/images/icons/1v1-lol.webp]
[tech.computers-science.org/assets/images/icons/2D-Rocket-League.webp]
[tech.computers-science.org/assets/images/icons/trex-run-3D.webp]
[tech.computers-science.org/assets/images/icons/60-second-burger-run.webp]
[tech.computers-science.org/assets/images/icons/8ball.webp]
[tech.computers-science.org/assets/images/icons/ADR.webp]
[tech.computers-science.org/assets/images/icons/aa.webp]
[tech.computers-science.org/assets/images/icons/acww.webp]
[tech.computers-science.org/assets/images/icons/adventure-capitalist.webp]
[tech.computers-science.org/assets/images/icons/agario.webp]
[tech.computers-science.org/assets/images/icons/scratch-among-us.webp]
[tech.computers-science.org/assets/images/icons/apex.webp]
[tech.computers-science.org/assets/images/icons/br.webp]
[tech.computers-science.org/assets/images/icons/basketball-stars.webp]
[tech.computers-science.org/assets/images/icons/basket-bros.webp]
[tech.computers-science.org/assets/images/icons/basketball-legends.webp]
[tech.computers-science.org/assets/images/icons/biggiecheese.webp]
[tech.computers-science.org/assets/images/icons/bitlife.webp]
[tech.computers-science.org/assets/images/icons/btd4.webp]
[tech.computers-science.org/assets/images/icons/build-now.webp]
[tech.computers-science.org/assets/images/icons/cat-ninja.webp]
[tech.computers-science.org/assets/images/icons/candybox.webp]
[tech.computers-science.org/assets/images/icons/celeste.webp]
[tech.computers-science.org/assets/images/icons/clickerheros.webp]
[tech.computers-science.org/assets/images/icons/chess.webp]
[tech.computers-science.org/assets/images/icons/cluster-rush.webp]
[tech.computers-science.org/assets/images/icons/cookieclicker.webp]
[tech.computers-science.org/assets/images/icons/cr.webp]
[tech.computers-science.org/assets/images/icons/deepest-sword.webp]
[tech.computers-science.org/assets/images/icons/diep.webp]
[tech.computers-science.org/assets/images/icons/doge-miner-1.webp]
[tech.computers-science.org/assets/images/icons/doom1.webp]
[tech.computers-science.org/assets/images/icons/doom2.webp]
[tech.computers-science.org/assets/images/icons/dreader.webp]
[tech.computers-science.org/assets/images/icons/db.webp]
[tech.computers-science.org/assets/images/icons/drift-hunters.webp]
[tech.computers-science.org/assets/images/icons/dm.webp]
[tech.computers-science.org/assets/images/icons/mc.webp]
[tech.computers-science.org/404.html]
[tech.computers-science.org/assets/images/icons/electricman-2.webp]
[tech.computers-science.org/assets/images/icons/fallout2.gif]
[tech.computers-science.org/assets/images/icons/fortnite.webp]
[tech.computers-science.org/assets/images/icons/fnaf2.webp]
[tech.computers-science.org/assets/images/icons/fnf.webp]
[tech.computers-science.org/assets/images/icons/lofi.webp]
[tech.computers-science.org/assets/images/icons/snorlax.webp]
[tech.computers-science.org/assets/images/icons/just-fall-lol.webp]
[tech.computers-science.org/assets/images/icons/kirby.webp]
[tech.computers-science.org/assets/images/icons/krunker.webp]
[tech.computers-science.org/assets/images/icons/gswitch.webp]
[tech.computers-science.org/assets/images/icons/gswitch2.webp]
[tech.computers-science.org/assets/images/icons/gswitch3.webp]
[tech.computers-science.org/assets/images/icons/golden-eye-007.webp]
[tech.computers-science.org/assets/images/icons/gba.webp]
[tech.computers-science.org/assets/images/icons/apps/geforce-now.webp]
[tech.computers-science.org/assets/images/icons/na.webp]
[tech.computers-science.org/assets/images/icons/helixteus.webp]
[tech.computers-science.org/assets/images/icons/hole.webp]
[tech.computers-science.org/assets/images/icons/idle.webp]
[tech.computers-science.org/assets/images/icons/isleward.webp]
[tech.computers-science.org/assets/images/icons/interactive-buddy.webp]
[tech.computers-science.org/assets/images/icons/jacksmith.webp]
[tech.computers-science.org/assets/images/icons/learn-to-fly.webp]
[tech.computers-science.org/assets/images/icons/learn-to-fly-2.webp]
[tech.computers-science.org/assets/images/icons/ltf_idle.webp]
[tech.computers-science.org/assets/images/icons/lordz.webp]
[tech.computers-science.org/assets/images/icons/masked-forces.webp]
[tech.computers-science.org/assets/images/icons/mario-kart-64.webp]
[tech.computers-science.org/assets/images/icons/mobsinc.webp]
[tech.computers-science.org/assets/images/icons/mm.webp]
[tech.computers-science.org/assets/images/icons/moo.webp]
[tech.computers-science.org/assets/images/icons/mrmine.webp]
[tech.computers-science.org/assets/images/icons/mx3m.webp]
[tech.computers-science.org/assets/images/icons/mx3m-spooky.webp]
[tech.computers-science.org/assets/images/icons/mx3m-winter.webp]
[tech.computers-science.org/assets/images/icons/saulrun.webp]
[tech.computers-science.org/assets/images/icons/ng.webp]
[tech.computers-science.org/assets/images/icons/ninja-cat.webp]
[tech.computers-science.org/assets/images/icons/now-gg.webp]
[tech.computers-science.org/assets/images/icons/ovo.webp]
[tech.computers-science.org/resources/images/android-chrome-512x512.png]
[tech.computers-science.org/assets/images/icons/osm.webp]
[tech.computers-science.org/assets/images/icons/bakeria.webp]
[tech.computers-science.org/assets/images/icons/cupcakeria.webp]
[tech.computers-science.org/assets/images/icons/louie1.webp]
[tech.computers-science.org/assets/images/icons/louie2.webp]
[tech.computers-science.org/assets/images/icons/papa-louie-3.webp]
[tech.computers-science.org/assets/images/icons/pizzeria.webp]
[tech.computers-science.org/assets/images/icons/paper-mario-64.webp]
[tech.computers-science.org/assets/images/icons/paperio.webp]
[tech.computers-science.org/assets/images/icons/pc.webp]
[tech.computers-science.org/assets/images/icons/pixel-shooter.webp]
[tech.computers-science.org/assets/images/icons/pizza-tower.webp]
[tech.computers-science.org/assets/images/icons/heartgold.webp]
[tech.computers-science.org/assets/images/icons/showdown.webp]
[tech.computers-science.org/assets/images/icons/lp.webp]
[tech.computers-science.org/assets/images/icons/qwop.webp]
[tech.computers-science.org/assets/images/icons/precision.webp]
[tech.computers-science.org/assets/images/icons/r6.webp]
[tech.computers-science.org/assets/images/icons/redball1.webp]
[tech.computers-science.org/assets/images/icons/redball2.webp]
[tech.computers-science.org/assets/images/icons/redball4.webp]
[tech.computers-science.org/assets/images/icons/redball4vol2.webp]
[tech.computers-science.org/assets/images/icons/redball4vol3.webp]
[tech.computers-science.org/assets/images/icons/retroarch.webp]
[tech.computers-science.org/resources/play/retro-bowl/index.html]
[tech.computers-science.org/assets/images/icons/retro.webp]
[tech.computers-science.org/assets/images/icons/rs1.webp]
[tech.computers-science.org/assets/images/icons/rocketpult.webp]
[tech.computers-science.org/assets/images/icons/rooftop.webp]
[tech.computers-science.org/assets/images/icons/run3.webp]
[tech.computers-science.org/assets/images/icons/sand.webp]
[tech.computers-science.org/assets/images/icons/sandboxels.webp]
[tech.computers-science.org/assets/images/icons/shapezio.webp]
[tech.computers-science.org/assets/images/icons/shell-shockers.webp]
[tech.computers-science.org/assets/images/icons/slither.webp]
[tech.computers-science.org/assets/images/icons/slope.webp]
[tech.computers-science.org/assets/images/icons/super-smash-bros-64.webp]
[tech.computers-science.org/assets/images/icons/smashkarts.webp]
[tech.computers-science.org/assets/images/icons/snowball.webp]
[tech.computers-science.org/assets/images/icons/spaceplan.webp]
[tech.computers-science.org/assets/images/icons/stickman.webp]
[tech.computers-science.org/assets/images/icons/stumble-guys.webp]
[tech.computers-science.org/assets/images/icons/san-francisco.webp]
[tech.computers-science.org/assets/images/icons/sugarsugar.webp]
[tech.computers-science.org/assets/images/icons/sm63.webp]
[tech.computers-science.org/assets/images/icons/sm64.webp]
[tech.computers-science.org/assets/images/icons/ssf1.webp]
[tech.computers-science.org/assets/images/icons/tamingio.webp]
[tech.computers-science.org/assets/images/icons/tanuki.webp]
[tech.computers-science.org/assets/images/icons/the-simpsons-game.webp]
[tech.computers-science.org/assets/images/icons/temple-run-2.webp]
[tech.computers-science.org/assets/images/icons/tritis.webp]
[tech.computers-science.org/assets/images/icons/thps2.webp]
[tech.computers-science.org/assets/images/icons/thps3.webp]
[tech.computers-science.org/assets/images/icons/thps4.webp]
[tech.computers-science.org/assets/images/icons/unfair-mario.webp]
[tech.computers-science.org/assets/images/icons/venge.webp]
[tech.computers-science.org/assets/images/icons/vex5.webp]
[tech.computers-science.org/assets/images/icons/vex7.webp]
[tech.computers-science.org/assets/images/icons/voxiom.webp]
[tech.computers-science.org/assets/images/icons/zombs-io.webp]
[tech.computers-science.org/assets/images/icons/zombs-royale.webp]
[tech.computers-science.org/nature.html]
[tech.computers-science.org/assets/images/icons/apps/amazon.png]
[tech.computers-science.org/assets/images/icons/chess.png]
[tech.computers-science.org/assets/images/icons/chatgpt.png]
[tech.computers-science.org/assets/images/icons/apps/coolmath.png]
[tech.computers-science.org/assets/images/icons/apps/discord.jpg]
[tech.computers-science.org/assets/images/icons/apps/espn.webp]
[tech.computers-science.org/assets/images/icons/fifa.png]
[tech.computers-science.org/assets/images/icons/apps/firefox.png]
[tech.computers-science.org/assets/images/icons/apps/flixhq.png]
[tech.computers-science.org/assets/images/icons/apps/geforce-now.png]
[tech.computers-science.org/assets/images/icons/apps/github.png]
[tech.computers-science.org/assets/images/icons/apps/google.png]
[tech.computers-science.org/assets/images/icons/apps/hbo.webp]
[tech.computers-science.org/assets/images/icons/apps/instagram.png]
[tech.computers-science.org/assets/images/icons/apps/messenger.png]
[tech.computers-science.org/assets/images/icons/apps/paramount.png]
[tech.computers-science.org/assets/images/icons/apps/pinterest.png]
[tech.computers-science.org/assets/images/icons/pix.png]
[tech.computers-science.org/assets/images/icons/apps/poki.png]
[tech.computers-science.org/assets/images/icons/apps/reddit.png]
[tech.computers-science.org/assets/images/icons/apps/soundcloud.jpg]
[tech.computers-science.org/assets/images/icons/apps/spotify.png]
[tech.computers-science.org/assets/images/icons/apps/telegram.png]
[tech.computers-science.org/assets/images/icons/apps/tiktok.png]
[tech.computers-science.org/assets/images/icons/apps/tumblr.png]
[tech.computers-science.org/assets/images/icons/apps/twitch-tv.png]
[tech.computers-science.org/assets/images/icons/apps/twitter.png]
[tech.computers-science.org/assets/images/icons/apps/vscode.png]
[tech.computers-science.org/assets/images/icons/apps/y8.png]
[tech.computers-science.org/assets/images/icons/apps/yt.png]
[tech.computers-science.org/assets/images/icons/apps/whatsapp.png]
[tech.computers-science.org/ocean.html]
[tech.computers-science.org/forest.html]
[tech.computers-science.org/assets/css/settings/main2.css]
[tech.computers-science.org/assets/js/settings/settings.js]
[tech.computers-science.org/assets/js/settings/themes.js]
[tech.computers-science.org/assets/js/settings/name.js]
[tech.computers-science.org/assets/js/settings/changes.js]
[tech.computers-science.org/settings.html]
[tech.computers-science.org/cookieconsentpolicy.html]
[tech.computers-science.org/assets/css/settings/main.css]
[tech.computers-science.org/assets/images/icons/homeicon.svg]
[tech.computers-science.org/assets/images/icons/fullscreen.svg]
[tech.computers-science.org/resources/css/main.css]
[tech.computers-science.org/assets/css/apps.css]
[tech.computers-science.org/404.html]
[tech.computers-science.org/resources/play/retro-bowl/html5game/splash.png]
[tech.computers-science.org/resources/play/retro-bowl/index.html]
[tech.computers-science.org/assets/css/settings/main2.css]
[tech.computers-science.org/assets/images/icons/homeicon.svg]
[tech.computers-science.org/assets/images/icons/fullscreen.svg]
[tech.computers-science.org/resources/play/retro-bowl/html5game/RetroBowl.js]
